xargs: sysconf(_SC_ARG_MAX) failed
The operation couldn’t be completed. Unable to locate a Java Runtime.
Please visit http://www.java.com for information on installing Java.

